<testsuites name="results">
  <testsuite name="all" package="all">
    <property name="random_seed" value="1684414689" />
    <testcase name="xor_test" classname="xor_test" file="/home/codebind/assignment-1-xor-verification-ddeviprsanna9876/tests/xor_test.py" lineno="5" time="0.002123117446899414" sim_time_ns="4.001" ratio_time="1884.4930156092084" />
  </testsuite>
</testsuites>
